Command line invocation:
    /Applications/Xcode.app/Contents/Developer/usr/bin/xcodebuild -scheme Revive -destination "platform=iOS Simulator,name=iPhone 15" build

Resolve Package Graph


Resolved source packages:
  Revive: /Users/adithya/Documents/Revive.swiftpm

2026-02-24 02:43:47.632 xcodebuild[8986:37188779] Writing error result bundle to /var/folders/9s/7hl_g7_51vg7krddcrqpmrdm0000gn/T/ResultBundle_2026-24-02_02-43-0047.xcresult
xcodebuild: error: Unable to find a device matching the provided destination specifier:
		{ platform:iOS Simulator, OS:latest, name:iPhone 15 }

	The requested device could not be found because no available devices matched the request.

	Available destinations for the "Revive" scheme:
		{ platform:macOS, arch:arm64, variant:Mac Catalyst, id:00008122-000279461EE1001C, name:My Mac }
		{ platform:macOS, arch:x86_64, variant:Mac Catalyst, id:00008122-000279461EE1001C, name:My Mac }
		{ platform:macOS, arch:arm64, variant:Designed for [iPad,iPhone], id:00008122-000279461EE1001C, name:My Mac }
		{ platform:iOS, id:dvtdevice-DVTiPhonePlaceholder-iphoneos:placeholder, name:Any iOS Device }
		{ platform:iOS Simulator, id:dvtdevice-DVTiOSDeviceSimulatorPlaceholder-iphonesimulator:placeholder, name:Any iOS Simulator Device }
		{ platform:macOS, variant:Mac Catalyst, name:Any Mac }
		{ platform:iOS Simulator, arch:arm64, id:C694D393-9DDE-409E-8902-7D5106024E7D, OS:18.6, name:iPad (A16) }
		{ platform:iOS Simulator, arch:x86_64, id:C694D393-9DDE-409E-8902-7D5106024E7D, OS:18.6, name:iPad (A16) }
		{ platform:iOS Simulator, arch:arm64, id:755860D8-96C2-4D80-9646-8EDA5D513EB3, OS:18.6, name:iPad Air 11-inch (M3) }
		{ platform:iOS Simulator, arch:x86_64, id:755860D8-96C2-4D80-9646-8EDA5D513EB3, OS:18.6, name:iPad Air 11-inch (M3) }
		{ platform:iOS Simulator, arch:arm64, id:60F97C6E-11D4-4E3D-BA18-48D961184EBD, OS:18.6, name:iPad Air 13-inch (M3) }
		{ platform:iOS Simulator, arch:x86_64, id:60F97C6E-11D4-4E3D-BA18-48D961184EBD, OS:18.6, name:iPad Air 13-inch (M3) }
		{ platform:iOS Simulator, arch:arm64, id:4C94AA6D-DE3B-457F-8A02-3EF381C7E3EE, OS:18.6, name:iPad Pro 11-inch (M4) }
		{ platform:iOS Simulator, arch:x86_64, id:4C94AA6D-DE3B-457F-8A02-3EF381C7E3EE, OS:18.6, name:iPad Pro 11-inch (M4) }
		{ platform:iOS Simulator, arch:arm64, id:22EED325-2DE6-4CB2-A0E4-18130558C112, OS:18.6, name:iPad Pro 13-inch (M4) }
		{ platform:iOS Simulator, arch:x86_64, id:22EED325-2DE6-4CB2-A0E4-18130558C112, OS:18.6, name:iPad Pro 13-inch (M4) }
		{ platform:iOS Simulator, arch:arm64, id:093F0F9D-DC53-452E-A91E-4EC7393E9C97, OS:18.6, name:iPad mini (A17 Pro) }
		{ platform:iOS Simulator, arch:x86_64, id:093F0F9D-DC53-452E-A91E-4EC7393E9C97, OS:18.6, name:iPad mini (A17 Pro) }
		{ platform:iOS Simulator, arch:arm64, id:DE00B758-0A28-4752-8390-5C513644C7DD, OS:18.6, name:iPhone 16 }
		{ platform:iOS Simulator, arch:x86_64, id:DE00B758-0A28-4752-8390-5C513644C7DD, OS:18.6, name:iPhone 16 }
		{ platform:iOS Simulator, arch:arm64, id:AF390352-C692-4AB6-9C6B-159012A089A4, OS:18.6, name:iPhone 16 Plus }
		{ platform:iOS Simulator, arch:x86_64, id:AF390352-C692-4AB6-9C6B-159012A089A4, OS:18.6, name:iPhone 16 Plus }
		{ platform:iOS Simulator, arch:arm64, id:C49E82B1-5AA4-48E0-A419-AD96FF5BE4D3, OS:18.6, name:iPhone 16 Pro }
		{ platform:iOS Simulator, arch:x86_64, id:C49E82B1-5AA4-48E0-A419-AD96FF5BE4D3, OS:18.6, name:iPhone 16 Pro }
		{ platform:iOS Simulator, arch:arm64, id:1FF309EF-2D95-49DB-9433-9E8149A38D5E, OS:18.6, name:iPhone 16 Pro Max }
		{ platform:iOS Simulator, arch:x86_64, id:1FF309EF-2D95-49DB-9433-9E8149A38D5E, OS:18.6, name:iPhone 16 Pro Max }
		{ platform:iOS Simulator, arch:arm64, id:8420503B-2F68-4BE3-A348-906EF8E5B26F, OS:18.6, name:iPhone 16e }
		{ platform:iOS Simulator, arch:x86_64, id:8420503B-2F68-4BE3-A348-906EF8E5B26F, OS:18.6, name:iPhone 16e }
